// Jest Snapshot v1, https://goo.gl/fbAQLP

exports[`Task snapshot 1`] = `
<DocumentFragment>
  .c0 {
  display: -webkit-box;
  display: -webkit-flex;
  display: -ms-flexbox;
  display: flex;
  -webkit-flex-direction: column;
  -ms-flex-direction: column;
  flex-direction: column;
  width: 100%;
  padding: 1rem 20%;
  box-shadow: 0px -1px 0px 0px #4a4a4a;
  background-color: #CEF0C4;
}

.c2 {
  display: -webkit-box;
  display: -webkit-flex;
  display: -ms-flexbox;
  display: flex;
  width: 100%;
  -webkit-flex-direction: row-reverse;
  -ms-flex-direction: row-reverse;
  flex-direction: row-reverse;
  margin-top: 1rem;
}

.c3 {
  height: 8rem;
  margin: 0 0 0 1rem;
}

.c1 {
  font-size: 1.5rem;
  text-align: end;
  color: #4a4a4a;
}

.c4 {
  color: #4a4a4a;
  margin: auto 0;
}

<section
    class="c0"
  >
    <h3
      class="c1"
    >
      test.text.title
    </h3>
    <div
      class="c2"
    >
      <img
        class="c3"
      />
      <p
        class="c4"
      >
        test.text.text
      </p>
    </div>
  </section>
</DocumentFragment>
`;
